<testsuites name="jest tests" tests="4" failures="2" time="1.994">
  <testsuite name="undefined" errors="0" failures="2" skipped="0" timestamp="2020-12-02T20:40:26" time="1.994" tests="4">
    <testcase classname=" initial UI is rendered as expected" name=" initial UI is rendered as expected" time="0.199">
    </testcase>
    <testcase classname=" inital value is set via props" name=" inital value is set via props" time="0.046">
      <failure>Error: expect(element).toHaveTextContent()

Expected element to have text content:
  110
Received:
  115
    at Object.&lt;anonymous&gt; (/Users/administrator/Desktop/Mohit/mohitcode/react/hackerranktest/c9c37b41-e074-4812-a6da-2e57dd7d7b24/src/App.test.js:32:38)
    at Object.asyncFn (/Users/administrator/Desktop/Mohit/mohitcode/react/hackerranktest/c9c37b41-e074-4812-a6da-2e57dd7d7b24/node_modules/jest-jasmine2/build/jasmine-async.js:68:30)
    at /Users/administrator/Desktop/Mohit/mohitcode/react/hackerranktest/c9c37b41-e074-4812-a6da-2e57dd7d7b24/node_modules/jest-jasmine2/build/queueRunner.js:38:12
    at new Promise (&lt;anonymous&gt;)
    at mapper (/Users/administrator/Desktop/Mohit/mohitcode/react/hackerranktest/c9c37b41-e074-4812-a6da-2e57dd7d7b24/node_modules/jest-jasmine2/build/queueRunner.js:31:21)
    at /Users/administrator/Desktop/Mohit/mohitcode/react/hackerranktest/c9c37b41-e074-4812-a6da-2e57dd7d7b24/node_modules/p-map/index.js:46:16
    at processTicksAndRejections (internal/process/task_queues.js:97:5)</failure>
    </testcase>
    <testcase classname=" timer stops at 0" name=" timer stops at 0" time="0.052">
    </testcase>
    <testcase classname=" stop timer button stops the timer" name=" stop timer button stops the timer" time="0.035">
      <failure>Error: expect(element).toHaveTextContent()

Expected element to have text content:
  40
Received:
  45
    at Object.&lt;anonymous&gt; (/Users/administrator/Desktop/Mohit/mohitcode/react/hackerranktest/c9c37b41-e074-4812-a6da-2e57dd7d7b24/src/App.test.js:51:38)
    at Object.asyncFn (/Users/administrator/Desktop/Mohit/mohitcode/react/hackerranktest/c9c37b41-e074-4812-a6da-2e57dd7d7b24/node_modules/jest-jasmine2/build/jasmine-async.js:68:30)
    at /Users/administrator/Desktop/Mohit/mohitcode/react/hackerranktest/c9c37b41-e074-4812-a6da-2e57dd7d7b24/node_modules/jest-jasmine2/build/queueRunner.js:38:12
    at new Promise (&lt;anonymous&gt;)
    at mapper (/Users/administrator/Desktop/Mohit/mohitcode/react/hackerranktest/c9c37b41-e074-4812-a6da-2e57dd7d7b24/node_modules/jest-jasmine2/build/queueRunner.js:31:21)
    at /Users/administrator/Desktop/Mohit/mohitcode/react/hackerranktest/c9c37b41-e074-4812-a6da-2e57dd7d7b24/node_modules/p-map/index.js:46:16
    at processTicksAndRejections (internal/process/task_queues.js:97:5)</failure>
    </testcase>
  </testsuite>
</testsuites>